
[vite-react-ssg] Build for client...
[36mvite v6.4.1 [32mbuilding for production...[36m[39m
transforming...
[32mΓ£ô[39m 2297 modules transformed.
rendering chunks...
computing gzip size...
[2mdist/[22m[32mindex.html                               [39m[1m[2m  1.87 kB[22m[1m[22m[2m Γöé gzip:   0.82 kB[22m
[2mdist/[22m[32m.vite/manifest.json                      [39m[1m[2m  6.54 kB[22m[1m[22m[2m Γöé gzip:   0.97 kB[22m
[2mdist/[22m[32m.vite/ssr-manifest.json                  [39m[1m[2m 43.01 kB[22m[1m[22m[2m Γöé gzip:   4.48 kB[22m
[2mdist/[22m[35massets/app-Beqgrc7L.css                  [39m[1m[2m 60.11 kB[22m[1m[22m[2m Γöé gzip:  10.34 kB[22m
[2mdist/[22m[36massets/image-GH4o5b7o.js                 [39m[1m[2m  0.44 kB[22m[1m[22m[2m Γöé gzip:   0.33 kB[22m
[2mdist/[22m[36massets/square-pen-ySOdZ055.js            [39m[1m[2m  0.49 kB[22m[1m[22m[2m Γöé gzip:   0.34 kB[22m
[2mdist/[22m[36massets/Contact-BRmHqQzf.js               [39m[1m[2m  2.33 kB[22m[1m[22m[2m Γöé gzip:   1.09 kB[22m
[2mdist/[22m[36massets/About-COs78QED.js                 [39m[1m[2m  2.84 kB[22m[1m[22m[2m Γöé gzip:   1.34 kB[22m
[2mdist/[22m[36massets/AdminLogin-cIFBXuMe.js            [39m[1m[2m  3.01 kB[22m[1m[22m[2m Γöé gzip:   1.26 kB[22m
[2mdist/[22m[36massets/FAQ-C8NK5HY2.js                   [39m[1m[2m  3.05 kB[22m[1m[22m[2m Γöé gzip:   1.53 kB[22m
[2mdist/[22m[36massets/BehindTheScenes-xThB_VMS.js       [39m[1m[2m  3.23 kB[22m[1m[22m[2m Γöé gzip:   1.35 kB[22m
[2mdist/[22m[36massets/useMutation-UAZTznCM.js           [39m[1m[2m  3.24 kB[22m[1m[22m[2m Γöé gzip:   1.34 kB[22m
[2mdist/[22m[36massets/Search-uOeLA0h2.js                [39m[1m[2m  4.07 kB[22m[1m[22m[2m Γöé gzip:   1.86 kB[22m
[2mdist/[22m[36massets/BlogList-CXAuyv-7.js              [39m[1m[2m  4.26 kB[22m[1m[22m[2m Γöé gzip:   1.86 kB[22m
[2mdist/[22m[36massets/CategoryPage-Dvtr4xmx.js          [39m[1m[2m  4.69 kB[22m[1m[22m[2m Γöé gzip:   2.12 kB[22m
[2mdist/[22m[36massets/ProductCard-Dz8fSs06.js           [39m[1m[2m  5.38 kB[22m[1m[22m[2m Γöé gzip:   2.16 kB[22m
[2mdist/[22m[36massets/BlogDetail-cro6E6pv.js            [39m[1m[2m  6.69 kB[22m[1m[22m[2m Γöé gzip:   2.75 kB[22m
[2mdist/[22m[36massets/AdminDashboard-BmIpRnY6.js        [39m[1m[2m  7.87 kB[22m[1m[22m[2m Γöé gzip:   2.70 kB[22m
[2mdist/[22m[36massets/AdminCategories-Dx1ZPi5F.js       [39m[1m[2m  8.48 kB[22m[1m[22m[2m Γöé gzip:   2.97 kB[22m
[2mdist/[22m[36massets/AdminSettings-S__YDYT9.js         [39m[1m[2m  9.03 kB[22m[1m[22m[2m Γöé gzip:   2.43 kB[22m
[2mdist/[22m[36massets/AdminBehindTheScenes-DXzKVPzz.js  [39m[1m[2m  9.94 kB[22m[1m[22m[2m Γöé gzip:   3.24 kB[22m
[2mdist/[22m[36massets/AdminBlogs-BryzvNxV.js            [39m[1m[2m 11.26 kB[22m[1m[22m[2m Γöé gzip:   3.48 kB[22m
[2mdist/[22m[36massets/AdminProducts-DECKjP83.js         [39m[1m[2m 15.95 kB[22m[1m[22m[2m Γöé gzip:   4.60 kB[22m
[2mdist/[22m[36massets/SEO-DvmZmXuO.js                   [39m[1m[2m 18.16 kB[22m[1m[22m[2m Γöé gzip:   6.71 kB[22m
[2mdist/[22m[36massets/ProductDetail-DRAREpyr.js         [39m[1m[2m 20.19 kB[22m[1m[22m[2m Γöé gzip:   6.92 kB[22m
[2mdist/[22m[36massets/Home-Cfy7ua2f.js                  [39m[1m[2m 34.38 kB[22m[1m[22m[2m Γöé gzip:  10.49 kB[22m
[2mdist/[22m[36massets/proxy-CsLl7wIC.js                 [39m[1m[2m124.05 kB[22m[1m[22m[2m Γöé gzip:  40.54 kB[22m
[2mdist/[22m[36massets/client-9mOjcn0K.js                [39m[1m[2m181.38 kB[22m[1m[22m[2m Γöé gzip:  57.05 kB[22m
[2mdist/[22m[36massets/app-BOUXmttm.js                   [39m[1m[2m386.14 kB[22m[1m[22m[2m Γöé gzip: 112.52 kB[22m
[32mΓ£ô built in 25.89s[39m

[vite-react-ssg] Build for server...
[36mvite v6.4.1 [32mbuilding SSR bundle for production...[36m[39m
transforming...
[32mΓ£ô[39m 31 modules transformed.
rendering chunks...
[2m.vite-react-ssg-temp/fiy300xkxo/[22m[32m.vite/manifest.json                      [39m[1m[2m 5.32 kB[22m[1m[22m
[2m.vite-react-ssg-temp/fiy300xkxo/[22m[35massets/style-Beqgrc7L.css                [39m[1m[2m60.11 kB[22m[1m[22m
[2m.vite-react-ssg-temp/fiy300xkxo/[22m[36massets/FAQ-Cb6k7CJO.js                   [39m[1m[2m 3.71 kB[22m[1m[22m
[2m.vite-react-ssg-temp/fiy300xkxo/[22m[36massets/Contact-D3ZK6uny.js               [39m[1m[2m 3.91 kB[22m[1m[22m
[2m.vite-react-ssg-temp/fiy300xkxo/[22m[36massets/About-TbM19KQu.js                 [39m[1m[2m 4.01 kB[22m[1m[22m
[2m.vite-react-ssg-temp/fiy300xkxo/[22m[36massets/AdminLogin-CJLh5D_d.js            [39m[1m[2m 4.08 kB[22m[1m[22m
[2m.vite-react-ssg-temp/fiy300xkxo/[22m[36massets/BehindTheScenes-Dbmz6bqm.js       [39m[1m[2m 4.86 kB[22m[1m[22m
[2m.vite-react-ssg-temp/fiy300xkxo/[22m[36massets/BlogList-BwuVg6Yf.js              [39m[1m[2m 6.26 kB[22m[1m[22m
[2m.vite-react-ssg-temp/fiy300xkxo/[22m[36massets/SEO-Eyg7Ju-d.js                   [39m[1m[2m 7.39 kB[22m[1m[22m
[2m.vite-react-ssg-temp/fiy300xkxo/[22m[36massets/CategoryPage-CD9oKSos.js          [39m[1m[2m 7.57 kB[22m[1m[22m
[2m.vite-react-ssg-temp/fiy300xkxo/[22m[36massets/Search-Djyo68Yu.js                [39m[1m[2m 7.66 kB[22m[1m[22m
[2m.vite-react-ssg-temp/fiy300xkxo/[22m[36massets/ProductCard-DEn6zKTb.js           [39m[1m[2m 8.67 kB[22m[1m[22m
[2m.vite-react-ssg-temp/fiy300xkxo/[22m[36massets/BlogDetail-DBKsCamU.js            [39m[1m[2m10.62 kB[22m[1m[22m
[2m.vite-react-ssg-temp/fiy300xkxo/[22m[36massets/AdminDashboard-BjzS7RUh.js        [39m[1m[2m12.11 kB[22m[1m[22m
[2m.vite-react-ssg-temp/fiy300xkxo/[22m[36massets/AdminCategories-B6rIlX7y.js       [39m[1m[2m12.72 kB[22m[1m[22m
[2m.vite-react-ssg-temp/fiy300xkxo/[22m[36massets/AdminSettings-OOmpUMdW.js         [39m[1m[2m13.30 kB[22m[1m[22m
[2m.vite-react-ssg-temp/fiy300xkxo/[22m[36massets/AdminBehindTheScenes-MM2L9QSt.js  [39m[1m[2m14.25 kB[22m[1m[22m
[2m.vite-react-ssg-temp/fiy300xkxo/[22m[36massets/AdminBlogs-D3iOzh7J.js            [39m[1m[2m19.77 kB[22m[1m[22m
[2m.vite-react-ssg-temp/fiy300xkxo/[22m[36massets/AdminProducts-Dy94UL4h.js         [39m[1m[2m28.02 kB[22m[1m[22m
[2m.vite-react-ssg-temp/fiy300xkxo/[22m[36massets/ProductDetail-Xt6ujUUA.js         [39m[1m[2m30.76 kB[22m[1m[22m
[2m.vite-react-ssg-temp/fiy300xkxo/[22m[36massets/Home-CXEq36fb.js                  [39m[1m[2m46.04 kB[22m[1m[22m
[2m.vite-react-ssg-temp/fiy300xkxo/[22m[36mmain.mjs                                 [39m[1m[2m61.26 kB[22m[1m[22m
[32mΓ£ô built in 8.24s[39m
node.exe : GoTrueClient
@sb-xwwlnsuklhhvgwkpvyf
l-auth-token:1 
(2.100.0) 2026-03-29T20
:21:02.302Z Multiple 
GoTrueClient instances 
detected in the same 
browser context. It is 
not an error, but this 
should be avoided as 
it may produce 
undefined behavior 
when used concurrently 
under the same storage 
key.
At line:1 char:1
+ & "C:\Program 
Files\nodejs/node.exe" 
"C:\Program 
Files\nodejs/node_mo 
...
+ ~~~~~~~~~~~~~~~~~~~~~
~~~~~~~~~~~~~~~~~~~~~~~
~~~~~~~~~~~~~~~~~~~~~~~
~~
    + CategoryInfo     
         : 
NotSpecified: (GoT    
rueClient@sb...me stor 
   age key.:String) 
[], R    emoteException
    + 
FullyQualifiedErrorI   
 d : NativeCommandError
 
GoTrueClient@sb-xwwlnsu
klhhvgwkpvyfl-auth-toke
n:2 (2.100.0) 2026-03-2
9T20:21:03.779Z 
Multiple GoTrueClient 
instances detected in 
the same browser 
context. It is not an 
error, but this should 
be avoided as it may 
produce undefined 
behavior when used 
concurrently under the 
same storage key.
GoTrueClient@sb-xwwlnsu
klhhvgwkpvyfl-auth-toke
n:3 (2.100.0) 2026-03-2
9T20:21:04.081Z 
Multiple GoTrueClient 
instances detected in 
the same browser 
context. It is not an 
error, but this should 
be avoided as it may 
produce undefined 
behavior when used 
concurrently under the 
same storage key.

[vite-react-ssg] Rendering Pages... (115)

[vite-react-ssg] Generating static loader data...
file:///C:/Users/91787/
Desktop/e-commerce/ecom
merce/node_modules/vite
-react-ssg/dist/shared/
vite-react-ssg.DUkzxBEb
.mjs:930
        throw new 
Error(
              ^

Error: 
[vite-react-ssg] Error 
on page: /
Error [ERR_PACKAGE_PATH
_NOT_EXPORTED]: 
Package subpath 
'./server.js' is not 
defined by "exports" 
in C:\Users\91787\Deskt
op\e-commerce\ecommerce
\node_modules\react-rou
ter-dom\package.json 
imported from C:\Users\
91787\Desktop\e-commerc
e\ecommerce\node_module
s\vite-react-ssg\dist\s
hared\vite-react-ssg.DU
kzxBEb.mjs
    at exportsNotFound 
(node:internal/modules/
esm/resolve:314:10)
    at 
packageExportsResolve (
node:internal/modules/e
sm/resolve:662:9)
    at packageResolve (
node:internal/modules/e
sm/resolve:774:12)
    at moduleResolve (n
ode:internal/modules/es
m/resolve:859:18)
    at defaultResolve (
node:internal/modules/e
sm/resolve:991:11)
    at nextResolve (nod
e:internal/modules/esm/
hooks:785:28)
    at o (file:///C:/Us
ers/91787/Desktop/e-com
merce/ecommerce/node_mo
dules/@tailwindcss/node
/dist/esm-cache.loader.
mjs:1:69)
    at nextResolve (nod
e:internal/modules/esm/
hooks:785:28)
    at o (file:///C:/Us
ers/91787/Desktop/e-com
merce/ecommerce/node_mo
dules/@tailwindcss/node
/dist/esm-cache.loader.
mjs:1:69)
    at nextResolve (nod
e:internal/modules/esm/
hooks:785:28)
    at file:///C:/Users
/91787/Desktop/e-commer
ce/ecommerce/node_modul
es/vite-react-ssg/dist/
shared/vite-react-ssg.D
UkzxBEb.mjs:930:15
    at async file:///C:
/Users/91787/Desktop/e-
commerce/ecommerce/node
_modules/p-queue/dist/i
ndex.js:394:36

Node.js v24.14.0
